// Jest Snapshot v1, https://goo.gl/fbAQLP

exports[`SavedPlaylist should match the snapshot 1`] = `
ShallowWrapper {
  Symbol(enzyme.__root__): [Circular],
  Symbol(enzyme.__unrendered__): <SavedPlaylist
    accessToken="12345abcde"
    deleteSeed={[Function]}
    history={
        Object {
            "push": [Function],
          }
    }
    savePlaylist={[Function]}
    seed={
        Object {
            "genre": "ska",
            "id": 123,
            "spm": 148,
          }
    }
    selectSeed={[Function]}
    user={
        Object {
            "id": "lxbndr",
            "image": "superlongurl",
            "name": "Alex",
          }
    }
/>,
  Symbol(enzyme.__renderer__): Object {
    "batchedUpdates": [Function],
    "getNode": [Function],
    "render": [Function],
    "simulateError": [Function],
    "simulateEvent": [Function],
    "unmount": [Function],
  },
  Symbol(enzyme.__node__): Object {
    "instance": null,
    "key": undefined,
    "nodeType": "host",
    "props": Object {
      "children": Array [
        <div>
          <h2
                    className="playlist-name"
          >
                    Alex's 148 SPM, ska playlist
          </h2>
          <h3
                    className="playlist-details"
          >
                    148
                     SPM • 
                    ska
          </h3>
</div>,
        <button
          className="buttons"
          onClick={[Function]}
>
          View
</button>,
        <button
          className="buttons delete"
          id={123}
          onClick={[Function]}
>
          X
</button>,
      ],
      "className": "saved-playlist",
    },
    "ref": null,
    "rendered": Array [
      Object {
        "instance": null,
        "key": undefined,
        "nodeType": "host",
        "props": Object {
          "children": Array [
            <h2
              className="playlist-name"
>
              Alex's 148 SPM, ska playlist
</h2>,
            <h3
              className="playlist-details"
>
              148
               SPM • 
              ska
</h3>,
          ],
        },
        "ref": null,
        "rendered": Array [
          Object {
            "instance": null,
            "key": undefined,
            "nodeType": "host",
            "props": Object {
              "children": "Alex's 148 SPM, ska playlist",
              "className": "playlist-name",
            },
            "ref": null,
            "rendered": "Alex's 148 SPM, ska playlist",
            "type": "h2",
          },
          Object {
            "instance": null,
            "key": undefined,
            "nodeType": "host",
            "props": Object {
              "children": Array [
                148,
                " SPM • ",
                "ska",
              ],
              "className": "playlist-details",
            },
            "ref": null,
            "rendered": Array [
              148,
              " SPM • ",
              "ska",
            ],
            "type": "h3",
          },
        ],
        "type": "div",
      },
      Object {
        "instance": null,
        "key": undefined,
        "nodeType": "host",
        "props": Object {
          "children": "View",
          "className": "buttons",
          "onClick": [Function],
        },
        "ref": null,
        "rendered": "View",
        "type": "button",
      },
      Object {
        "instance": null,
        "key": undefined,
        "nodeType": "host",
        "props": Object {
          "children": "X",
          "className": "buttons delete",
          "id": 123,
          "onClick": [Function],
        },
        "ref": null,
        "rendered": "X",
        "type": "button",
      },
    ],
    "type": "div",
  },
  Symbol(enzyme.__nodes__): Array [
    Object {
      "instance": null,
      "key": undefined,
      "nodeType": "host",
      "props": Object {
        "children": Array [
          <div>
            <h2
                        className="playlist-name"
            >
                        Alex's 148 SPM, ska playlist
            </h2>
            <h3
                        className="playlist-details"
            >
                        148
                         SPM • 
                        ska
            </h3>
</div>,
          <button
            className="buttons"
            onClick={[Function]}
>
            View
</button>,
          <button
            className="buttons delete"
            id={123}
            onClick={[Function]}
>
            X
</button>,
        ],
        "className": "saved-playlist",
      },
      "ref": null,
      "rendered": Array [
        Object {
          "instance": null,
          "key": undefined,
          "nodeType": "host",
          "props": Object {
            "children": Array [
              <h2
                className="playlist-name"
>
                Alex's 148 SPM, ska playlist
</h2>,
              <h3
                className="playlist-details"
>
                148
                 SPM • 
                ska
</h3>,
            ],
          },
          "ref": null,
          "rendered": Array [
            Object {
              "instance": null,
              "key": undefined,
              "nodeType": "host",
              "props": Object {
                "children": "Alex's 148 SPM, ska playlist",
                "className": "playlist-name",
              },
              "ref": null,
              "rendered": "Alex's 148 SPM, ska playlist",
              "type": "h2",
            },
            Object {
              "instance": null,
              "key": undefined,
              "nodeType": "host",
              "props": Object {
                "children": Array [
                  148,
                  " SPM • ",
                  "ska",
                ],
                "className": "playlist-details",
              },
              "ref": null,
              "rendered": Array [
                148,
                " SPM • ",
                "ska",
              ],
              "type": "h3",
            },
          ],
          "type": "div",
        },
        Object {
          "instance": null,
          "key": undefined,
          "nodeType": "host",
          "props": Object {
            "children": "View",
            "className": "buttons",
            "onClick": [Function],
          },
          "ref": null,
          "rendered": "View",
          "type": "button",
        },
        Object {
          "instance": null,
          "key": undefined,
          "nodeType": "host",
          "props": Object {
            "children": "X",
            "className": "buttons delete",
            "id": 123,
            "onClick": [Function],
          },
          "ref": null,
          "rendered": "X",
          "type": "button",
        },
      ],
      "type": "div",
    },
  ],
  Symbol(enzyme.__options__): Object {
    "adapter": ReactSixteenAdapter {
      "options": Object {
        "enableComponentDidUpdateOnSetState": true,
        "lifecycles": Object {
          "componentDidUpdate": Object {
            "onSetState": true,
          },
          "getDerivedStateFromProps": true,
          "getSnapshotBeforeUpdate": true,
          "setState": Object {
            "skipsComponentDidUpdateOnNullish": true,
          },
        },
      },
    },
  },
}
`;
