// Jest Snapshot v1, https://goo.gl/fbAQLP

exports[`Playlist playlistToRender should match the snapshot 1`] = `[Function]`;

exports[`Playlist sendToSpotify should match the snapshot if the playlist is created in spotify 1`] = `Promise {}`;

exports[`Playlist should match the snapshot 1`] = `
ShallowWrapper {
  Symbol(enzyme.__root__): [Circular],
  Symbol(enzyme.__unrendered__): <Playlist
    accessToken="12345abcde"
    newSeed={
        Object {
            "genre": "ska",
            "spm": 148,
          }
    }
    playlist={
        Array [
            Object {
              "artist": "I Fight Dragons",
              "id": "1234abcd",
              "title": "Dont You?",
              "uri": "spotify:tracks:1234abcd",
            },
          ]
    }
    user={
        Object {
            "id": "lxbndr",
            "name": "Alex",
          }
    }
/>,
  Symbol(enzyme.__renderer__): Object {
    "batchedUpdates": [Function],
    "getNode": [Function],
    "render": [Function],
    "simulateError": [Function],
    "simulateEvent": [Function],
    "unmount": [Function],
  },
  Symbol(enzyme.__node__): Object {
    "instance": null,
    "key": undefined,
    "nodeType": "host",
    "props": Object {
      "children": Array [
        <div
          className="playlist-header"
>
          <div
                    className="playlist-header-top"
          >
                    <h2>
                              Alex's 148 SPM, ska playlist
                    </h2>
                    <button
                              className="buttons send"
                              disabled={true}
                              onClick={[Function]}
                    >
                              Send to Spotify
                    </button>
          </div>
          <div
                    className="playlist-header-bottom"
          >
                    <div
                              className="select-all-box"
                    >
                              <p>
                                        All
                              </p>
                              <input
                                        id="select-all"
                                        onClick={[Function]}
                                        type="checkbox"
                              />
                    </div>
                    <h2>
                              0 of 1
                                            selected (max 100)
                    </h2>
          </div>
</div>,
        <div
          className="playlist"
>
          <div
                    className="
                    track 
                    "
                    id="1234abcd"
                    onClick={[Function]}
          >
                    <input
                              className="checkbox"
                              id="spotify:tracks:1234abcd"
                              onClick={[Function]}
                              type="checkbox"
                    />
                    <div>
                              <h4
                                        className="song-title"
                              >
                                        Dont You?
                              </h4>
                              <h4
                                        className="song-artist"
                              >
                                        I Fight Dragons
                              </h4>
                    </div>
          </div>
</div>,
      ],
    },
    "ref": null,
    "rendered": Array [
      Object {
        "instance": null,
        "key": undefined,
        "nodeType": "host",
        "props": Object {
          "children": Array [
            <div
              className="playlist-header-top"
>
              <h2>
                            Alex's 148 SPM, ska playlist
              </h2>
              <button
                            className="buttons send"
                            disabled={true}
                            onClick={[Function]}
              >
                            Send to Spotify
              </button>
</div>,
            <div
              className="playlist-header-bottom"
>
              <div
                            className="select-all-box"
              >
                            <p>
                                          All
                            </p>
                            <input
                                          id="select-all"
                                          onClick={[Function]}
                                          type="checkbox"
                            />
              </div>
              <h2>
                            0 of 1
                                          selected (max 100)
              </h2>
</div>,
          ],
          "className": "playlist-header",
        },
        "ref": null,
        "rendered": Array [
          Object {
            "instance": null,
            "key": undefined,
            "nodeType": "host",
            "props": Object {
              "children": Array [
                <h2>
                  Alex's 148 SPM, ska playlist
</h2>,
                <button
                  className="buttons send"
                  disabled={true}
                  onClick={[Function]}
>
                  Send to Spotify
</button>,
              ],
              "className": "playlist-header-top",
            },
            "ref": null,
            "rendered": Array [
              Object {
                "instance": null,
                "key": undefined,
                "nodeType": "host",
                "props": Object {
                  "children": "Alex's 148 SPM, ska playlist",
                },
                "ref": null,
                "rendered": "Alex's 148 SPM, ska playlist",
                "type": "h2",
              },
              Object {
                "instance": null,
                "key": undefined,
                "nodeType": "host",
                "props": Object {
                  "children": "Send to Spotify",
                  "className": "buttons send",
                  "disabled": true,
                  "onClick": [Function],
                },
                "ref": null,
                "rendered": "Send to Spotify",
                "type": "button",
              },
            ],
            "type": "div",
          },
          Object {
            "instance": null,
            "key": undefined,
            "nodeType": "host",
            "props": Object {
              "children": Array [
                <div
                  className="select-all-box"
>
                  <p>
                                    All
                  </p>
                  <input
                                    id="select-all"
                                    onClick={[Function]}
                                    type="checkbox"
                  />
</div>,
                <h2>
                  0 of 1
                                selected (max 100)
</h2>,
              ],
              "className": "playlist-header-bottom",
            },
            "ref": null,
            "rendered": Array [
              Object {
                "instance": null,
                "key": undefined,
                "nodeType": "host",
                "props": Object {
                  "children": Array [
                    <p>
                      All
</p>,
                    <input
                      id="select-all"
                      onClick={[Function]}
                      type="checkbox"
/>,
                  ],
                  "className": "select-all-box",
                },
                "ref": null,
                "rendered": Array [
                  Object {
                    "instance": null,
                    "key": undefined,
                    "nodeType": "host",
                    "props": Object {
                      "children": "All",
                    },
                    "ref": null,
                    "rendered": "All",
                    "type": "p",
                  },
                  Object {
                    "instance": null,
                    "key": undefined,
                    "nodeType": "host",
                    "props": Object {
                      "id": "select-all",
                      "onClick": [Function],
                      "type": "checkbox",
                    },
                    "ref": null,
                    "rendered": null,
                    "type": "input",
                  },
                ],
                "type": "div",
              },
              Object {
                "instance": null,
                "key": undefined,
                "nodeType": "host",
                "props": Object {
                  "children": "0 of 1
              selected (max 100)",
                },
                "ref": null,
                "rendered": "0 of 1
              selected (max 100)",
                "type": "h2",
              },
            ],
            "type": "div",
          },
        ],
        "type": "div",
      },
      Object {
        "instance": null,
        "key": undefined,
        "nodeType": "host",
        "props": Object {
          "children": Array [
            <div
              className="
          track 
          "
              id="1234abcd"
              onClick={[Function]}
>
              <input
                            className="checkbox"
                            id="spotify:tracks:1234abcd"
                            onClick={[Function]}
                            type="checkbox"
              />
              <div>
                            <h4
                                          className="song-title"
                            >
                                          Dont You?
                            </h4>
                            <h4
                                          className="song-artist"
                            >
                                          I Fight Dragons
                            </h4>
              </div>
</div>,
          ],
          "className": "playlist",
        },
        "ref": null,
        "rendered": Array [
          Object {
            "instance": null,
            "key": "1234abcd",
            "nodeType": "host",
            "props": Object {
              "children": Array [
                <input
                  className="checkbox"
                  id="spotify:tracks:1234abcd"
                  onClick={[Function]}
                  type="checkbox"
/>,
                <div>
                  <h4
                                    className="song-title"
                  >
                                    Dont You?
                  </h4>
                  <h4
                                    className="song-artist"
                  >
                                    I Fight Dragons
                  </h4>
</div>,
              ],
              "className": "
          track 
          ",
              "id": "1234abcd",
              "onClick": [Function],
            },
            "ref": null,
            "rendered": Array [
              Object {
                "instance": null,
                "key": undefined,
                "nodeType": "host",
                "props": Object {
                  "className": "checkbox",
                  "id": "spotify:tracks:1234abcd",
                  "onClick": [Function],
                  "type": "checkbox",
                },
                "ref": null,
                "rendered": null,
                "type": "input",
              },
              Object {
                "instance": null,
                "key": undefined,
                "nodeType": "host",
                "props": Object {
                  "children": Array [
                    <h4
                      className="song-title"
>
                      Dont You?
</h4>,
                    <h4
                      className="song-artist"
>
                      I Fight Dragons
</h4>,
                  ],
                },
                "ref": null,
                "rendered": Array [
                  Object {
                    "instance": null,
                    "key": undefined,
                    "nodeType": "host",
                    "props": Object {
                      "children": "Dont You?",
                      "className": "song-title",
                    },
                    "ref": null,
                    "rendered": "Dont You?",
                    "type": "h4",
                  },
                  Object {
                    "instance": null,
                    "key": undefined,
                    "nodeType": "host",
                    "props": Object {
                      "children": "I Fight Dragons",
                      "className": "song-artist",
                    },
                    "ref": null,
                    "rendered": "I Fight Dragons",
                    "type": "h4",
                  },
                ],
                "type": "div",
              },
            ],
            "type": "div",
          },
        ],
        "type": "div",
      },
    ],
    "type": "div",
  },
  Symbol(enzyme.__nodes__): Array [
    Object {
      "instance": null,
      "key": undefined,
      "nodeType": "host",
      "props": Object {
        "children": Array [
          <div
            className="playlist-header"
>
            <div
                        className="playlist-header-top"
            >
                        <h2>
                                    Alex's 148 SPM, ska playlist
                        </h2>
                        <button
                                    className="buttons send"
                                    disabled={true}
                                    onClick={[Function]}
                        >
                                    Send to Spotify
                        </button>
            </div>
            <div
                        className="playlist-header-bottom"
            >
                        <div
                                    className="select-all-box"
                        >
                                    <p>
                                                All
                                    </p>
                                    <input
                                                id="select-all"
                                                onClick={[Function]}
                                                type="checkbox"
                                    />
                        </div>
                        <h2>
                                    0 of 1
                                                  selected (max 100)
                        </h2>
            </div>
</div>,
          <div
            className="playlist"
>
            <div
                        className="
                      track 
                      "
                        id="1234abcd"
                        onClick={[Function]}
            >
                        <input
                                    className="checkbox"
                                    id="spotify:tracks:1234abcd"
                                    onClick={[Function]}
                                    type="checkbox"
                        />
                        <div>
                                    <h4
                                                className="song-title"
                                    >
                                                Dont You?
                                    </h4>
                                    <h4
                                                className="song-artist"
                                    >
                                                I Fight Dragons
                                    </h4>
                        </div>
            </div>
</div>,
        ],
      },
      "ref": null,
      "rendered": Array [
        Object {
          "instance": null,
          "key": undefined,
          "nodeType": "host",
          "props": Object {
            "children": Array [
              <div
                className="playlist-header-top"
>
                <h2>
                                Alex's 148 SPM, ska playlist
                </h2>
                <button
                                className="buttons send"
                                disabled={true}
                                onClick={[Function]}
                >
                                Send to Spotify
                </button>
</div>,
              <div
                className="playlist-header-bottom"
>
                <div
                                className="select-all-box"
                >
                                <p>
                                                All
                                </p>
                                <input
                                                id="select-all"
                                                onClick={[Function]}
                                                type="checkbox"
                                />
                </div>
                <h2>
                                0 of 1
                                              selected (max 100)
                </h2>
</div>,
            ],
            "className": "playlist-header",
          },
          "ref": null,
          "rendered": Array [
            Object {
              "instance": null,
              "key": undefined,
              "nodeType": "host",
              "props": Object {
                "children": Array [
                  <h2>
                    Alex's 148 SPM, ska playlist
</h2>,
                  <button
                    className="buttons send"
                    disabled={true}
                    onClick={[Function]}
>
                    Send to Spotify
</button>,
                ],
                "className": "playlist-header-top",
              },
              "ref": null,
              "rendered": Array [
                Object {
                  "instance": null,
                  "key": undefined,
                  "nodeType": "host",
                  "props": Object {
                    "children": "Alex's 148 SPM, ska playlist",
                  },
                  "ref": null,
                  "rendered": "Alex's 148 SPM, ska playlist",
                  "type": "h2",
                },
                Object {
                  "instance": null,
                  "key": undefined,
                  "nodeType": "host",
                  "props": Object {
                    "children": "Send to Spotify",
                    "className": "buttons send",
                    "disabled": true,
                    "onClick": [Function],
                  },
                  "ref": null,
                  "rendered": "Send to Spotify",
                  "type": "button",
                },
              ],
              "type": "div",
            },
            Object {
              "instance": null,
              "key": undefined,
              "nodeType": "host",
              "props": Object {
                "children": Array [
                  <div
                    className="select-all-box"
>
                    <p>
                                        All
                    </p>
                    <input
                                        id="select-all"
                                        onClick={[Function]}
                                        type="checkbox"
                    />
</div>,
                  <h2>
                    0 of 1
                                  selected (max 100)
</h2>,
                ],
                "className": "playlist-header-bottom",
              },
              "ref": null,
              "rendered": Array [
                Object {
                  "instance": null,
                  "key": undefined,
                  "nodeType": "host",
                  "props": Object {
                    "children": Array [
                      <p>
                        All
</p>,
                      <input
                        id="select-all"
                        onClick={[Function]}
                        type="checkbox"
/>,
                    ],
                    "className": "select-all-box",
                  },
                  "ref": null,
                  "rendered": Array [
                    Object {
                      "instance": null,
                      "key": undefined,
                      "nodeType": "host",
                      "props": Object {
                        "children": "All",
                      },
                      "ref": null,
                      "rendered": "All",
                      "type": "p",
                    },
                    Object {
                      "instance": null,
                      "key": undefined,
                      "nodeType": "host",
                      "props": Object {
                        "id": "select-all",
                        "onClick": [Function],
                        "type": "checkbox",
                      },
                      "ref": null,
                      "rendered": null,
                      "type": "input",
                    },
                  ],
                  "type": "div",
                },
                Object {
                  "instance": null,
                  "key": undefined,
                  "nodeType": "host",
                  "props": Object {
                    "children": "0 of 1
              selected (max 100)",
                  },
                  "ref": null,
                  "rendered": "0 of 1
              selected (max 100)",
                  "type": "h2",
                },
              ],
              "type": "div",
            },
          ],
          "type": "div",
        },
        Object {
          "instance": null,
          "key": undefined,
          "nodeType": "host",
          "props": Object {
            "children": Array [
              <div
                className="
          track 
          "
                id="1234abcd"
                onClick={[Function]}
>
                <input
                                className="checkbox"
                                id="spotify:tracks:1234abcd"
                                onClick={[Function]}
                                type="checkbox"
                />
                <div>
                                <h4
                                                className="song-title"
                                >
                                                Dont You?
                                </h4>
                                <h4
                                                className="song-artist"
                                >
                                                I Fight Dragons
                                </h4>
                </div>
</div>,
            ],
            "className": "playlist",
          },
          "ref": null,
          "rendered": Array [
            Object {
              "instance": null,
              "key": "1234abcd",
              "nodeType": "host",
              "props": Object {
                "children": Array [
                  <input
                    className="checkbox"
                    id="spotify:tracks:1234abcd"
                    onClick={[Function]}
                    type="checkbox"
/>,
                  <div>
                    <h4
                                        className="song-title"
                    >
                                        Dont You?
                    </h4>
                    <h4
                                        className="song-artist"
                    >
                                        I Fight Dragons
                    </h4>
</div>,
                ],
                "className": "
          track 
          ",
                "id": "1234abcd",
                "onClick": [Function],
              },
              "ref": null,
              "rendered": Array [
                Object {
                  "instance": null,
                  "key": undefined,
                  "nodeType": "host",
                  "props": Object {
                    "className": "checkbox",
                    "id": "spotify:tracks:1234abcd",
                    "onClick": [Function],
                    "type": "checkbox",
                  },
                  "ref": null,
                  "rendered": null,
                  "type": "input",
                },
                Object {
                  "instance": null,
                  "key": undefined,
                  "nodeType": "host",
                  "props": Object {
                    "children": Array [
                      <h4
                        className="song-title"
>
                        Dont You?
</h4>,
                      <h4
                        className="song-artist"
>
                        I Fight Dragons
</h4>,
                    ],
                  },
                  "ref": null,
                  "rendered": Array [
                    Object {
                      "instance": null,
                      "key": undefined,
                      "nodeType": "host",
                      "props": Object {
                        "children": "Dont You?",
                        "className": "song-title",
                      },
                      "ref": null,
                      "rendered": "Dont You?",
                      "type": "h4",
                    },
                    Object {
                      "instance": null,
                      "key": undefined,
                      "nodeType": "host",
                      "props": Object {
                        "children": "I Fight Dragons",
                        "className": "song-artist",
                      },
                      "ref": null,
                      "rendered": "I Fight Dragons",
                      "type": "h4",
                    },
                  ],
                  "type": "div",
                },
              ],
              "type": "div",
            },
          ],
          "type": "div",
        },
      ],
      "type": "div",
    },
  ],
  Symbol(enzyme.__options__): Object {
    "adapter": ReactSixteenAdapter {
      "options": Object {
        "enableComponentDidUpdateOnSetState": true,
        "lifecycles": Object {
          "componentDidUpdate": Object {
            "onSetState": true,
          },
          "getDerivedStateFromProps": true,
          "getSnapshotBeforeUpdate": true,
          "setState": Object {
            "skipsComponentDidUpdateOnNullish": true,
          },
        },
      },
    },
  },
}
`;

exports[`Playlist toggleSelectAll should match the snapshot when event.target.checked is false 1`] = `undefined`;

exports[`Playlist toggleSelectAll should match the snapshot when event.target.checked is true 1`] = `undefined`;
