// Jest Snapshot v1, https://goo.gl/fbAQLP

exports[`Confirm should match the snapshot 1`] = `
ShallowWrapper {
  "length": 1,
  Symbol(enzyme.__root__): [Circular],
  Symbol(enzyme.__unrendered__): <Confirm
    accessToken="12345abcde"
    history={
        Object {
            "push": [Function],
          }
    }
    newSeed={
        Object {
            "genre": "ska",
            "id": 0,
            "spm": 148,
          }
    }
    recentGenres={
        Array [
            "ska",
            "rock",
          ]
    }
    recentSeeds={
        Array [
            Object {
              "genre": "ska",
              "id": 0,
              "spm": 148,
            },
          ]
    }
    recentSpms={
        Array [
            148,
            160,
          ]
    }
    savePlaylist={[Function]}
    saveRecentSeed={[Function]}
    user={
        Object {
            "id": "lxbndr",
            "name": "Alex",
          }
    }
/>,
  Symbol(enzyme.__renderer__): Object {
    "batchedUpdates": [Function],
    "getNode": [Function],
    "render": [Function],
    "simulateEvent": [Function],
    "unmount": [Function],
  },
  Symbol(enzyme.__node__): Object {
    "instance": null,
    "key": undefined,
    "nodeType": "host",
    "props": Object {
      "children": Array [
        <h2
          className="error"
/>,
        <p>
          Steps per Minute
</p>,
        <h2>
          148
</h2>,
        <p>
          Genre
</p>,
        <h2>
          Ska
</h2>,
        <div
          className="button-wrapper"
>
          <button
                    className="buttons"
                    onClick={[Function]}
          >
                    Back
          </button>
          <button
                    className="buttons"
                    onClick={[Function]}
          >
                    Get My Playlist!
          </button>
</div>,
      ],
      "className": "Confirm",
    },
    "ref": null,
    "rendered": Array [
      Object {
        "instance": null,
        "key": undefined,
        "nodeType": "host",
        "props": Object {
          "children": "",
          "className": "error",
        },
        "ref": null,
        "rendered": "",
        "type": "h2",
      },
      Object {
        "instance": null,
        "key": undefined,
        "nodeType": "host",
        "props": Object {
          "children": "Steps per Minute",
        },
        "ref": null,
        "rendered": "Steps per Minute",
        "type": "p",
      },
      Object {
        "instance": null,
        "key": undefined,
        "nodeType": "host",
        "props": Object {
          "children": 148,
        },
        "ref": null,
        "rendered": 148,
        "type": "h2",
      },
      Object {
        "instance": null,
        "key": undefined,
        "nodeType": "host",
        "props": Object {
          "children": "Genre",
        },
        "ref": null,
        "rendered": "Genre",
        "type": "p",
      },
      Object {
        "instance": null,
        "key": undefined,
        "nodeType": "host",
        "props": Object {
          "children": "Ska",
        },
        "ref": null,
        "rendered": "Ska",
        "type": "h2",
      },
      Object {
        "instance": null,
        "key": undefined,
        "nodeType": "host",
        "props": Object {
          "children": Array [
            <button
              className="buttons"
              onClick={[Function]}
>
              Back
</button>,
            <button
              className="buttons"
              onClick={[Function]}
>
              Get My Playlist!
</button>,
          ],
          "className": "button-wrapper",
        },
        "ref": null,
        "rendered": Array [
          Object {
            "instance": null,
            "key": undefined,
            "nodeType": "host",
            "props": Object {
              "children": "Back",
              "className": "buttons",
              "onClick": [Function],
            },
            "ref": null,
            "rendered": "Back",
            "type": "button",
          },
          Object {
            "instance": null,
            "key": undefined,
            "nodeType": "host",
            "props": Object {
              "children": "Get My Playlist!",
              "className": "buttons",
              "onClick": [Function],
            },
            "ref": null,
            "rendered": "Get My Playlist!",
            "type": "button",
          },
        ],
        "type": "div",
      },
    ],
    "type": "div",
  },
  Symbol(enzyme.__nodes__): Array [
    Object {
      "instance": null,
      "key": undefined,
      "nodeType": "host",
      "props": Object {
        "children": Array [
          <h2
            className="error"
/>,
          <p>
            Steps per Minute
</p>,
          <h2>
            148
</h2>,
          <p>
            Genre
</p>,
          <h2>
            Ska
</h2>,
          <div
            className="button-wrapper"
>
            <button
                        className="buttons"
                        onClick={[Function]}
            >
                        Back
            </button>
            <button
                        className="buttons"
                        onClick={[Function]}
            >
                        Get My Playlist!
            </button>
</div>,
        ],
        "className": "Confirm",
      },
      "ref": null,
      "rendered": Array [
        Object {
          "instance": null,
          "key": undefined,
          "nodeType": "host",
          "props": Object {
            "children": "",
            "className": "error",
          },
          "ref": null,
          "rendered": "",
          "type": "h2",
        },
        Object {
          "instance": null,
          "key": undefined,
          "nodeType": "host",
          "props": Object {
            "children": "Steps per Minute",
          },
          "ref": null,
          "rendered": "Steps per Minute",
          "type": "p",
        },
        Object {
          "instance": null,
          "key": undefined,
          "nodeType": "host",
          "props": Object {
            "children": 148,
          },
          "ref": null,
          "rendered": 148,
          "type": "h2",
        },
        Object {
          "instance": null,
          "key": undefined,
          "nodeType": "host",
          "props": Object {
            "children": "Genre",
          },
          "ref": null,
          "rendered": "Genre",
          "type": "p",
        },
        Object {
          "instance": null,
          "key": undefined,
          "nodeType": "host",
          "props": Object {
            "children": "Ska",
          },
          "ref": null,
          "rendered": "Ska",
          "type": "h2",
        },
        Object {
          "instance": null,
          "key": undefined,
          "nodeType": "host",
          "props": Object {
            "children": Array [
              <button
                className="buttons"
                onClick={[Function]}
>
                Back
</button>,
              <button
                className="buttons"
                onClick={[Function]}
>
                Get My Playlist!
</button>,
            ],
            "className": "button-wrapper",
          },
          "ref": null,
          "rendered": Array [
            Object {
              "instance": null,
              "key": undefined,
              "nodeType": "host",
              "props": Object {
                "children": "Back",
                "className": "buttons",
                "onClick": [Function],
              },
              "ref": null,
              "rendered": "Back",
              "type": "button",
            },
            Object {
              "instance": null,
              "key": undefined,
              "nodeType": "host",
              "props": Object {
                "children": "Get My Playlist!",
                "className": "buttons",
                "onClick": [Function],
              },
              "ref": null,
              "rendered": "Get My Playlist!",
              "type": "button",
            },
          ],
          "type": "div",
        },
      ],
      "type": "div",
    },
  ],
  Symbol(enzyme.__options__): Object {
    "adapter": ReactSixteenAdapter {
      "options": Object {
        "enableComponentDidUpdateOnSetState": true,
      },
    },
  },
}
`;
