// Jest Snapshot v1, https://goo.gl/fbAQLP

exports[`SelectSpm getRecentSpms should match the snapshot if there are recent SPMs 1`] = `
Array [
  <li
    className="spm-list-item"
    onClick={[Function]}
>
    148
</li>,
  <li
    className="spm-list-item"
    onClick={[Function]}
>
    160
</li>,
]
`;

exports[`SelectSpm should match the snapshot 1`] = `
ShallowWrapper {
  "length": 1,
  Symbol(enzyme.__root__): [Circular],
  Symbol(enzyme.__unrendered__): <SelectSpm
    history={
        Object {
            "push": [Function],
          }
    }
    recentSpms={
        Array [
            148,
            160,
          ]
    }
    saveRecentSpm={[Function]}
    selectSpm={[Function]}
/>,
  Symbol(enzyme.__renderer__): Object {
    "batchedUpdates": [Function],
    "getNode": [Function],
    "render": [Function],
    "simulateEvent": [Function],
    "unmount": [Function],
  },
  Symbol(enzyme.__node__): Object {
    "instance": null,
    "key": undefined,
    "nodeType": "host",
    "props": Object {
      "children": Array [
        <h2
          className="recent-spms"
>
          Your Recent SPMs
</h2>,
        <div
          className="ul-wrapper"
>
          <ul
                    className="spm-list"
          >
                    <li
                              className="spm-list-item"
                              onClick={[Function]}
                    >
                              148
                    </li>
                    <li
                              className="spm-list-item"
                              onClick={[Function]}
                    >
                              160
                    </li>
                    <Link
                              className="link-to-calc"
                              replace={false}
                              to="/calculations"
                    >
                              <li
                                        className="spm-list-item"
                              >
                                        Calculate a new SPM...
                              </li>
                    </Link>
          </ul>
</div>,
        <h3
          className="spm-instructions"
>
          Enter an SPM or select from above
</h3>,
        <input
          className="select-spm-input"
          name="selection"
          onChange={[Function]}
          placeholder="Enter SPM"
          type="number"
          value=""
/>,
        <div
          className="button-wrapper"
>
          <button
                    className="next-and-back-buttons"
                    onClick={[Function]}
          >
                    Cancel
          </button>
          <button
                    className="next-and-back-buttons"
                    disabled={true}
                    onClick={[Function]}
          >
                    Select a Genre
          </button>
</div>,
      ],
      "className": "SelectSpm",
    },
    "ref": null,
    "rendered": Array [
      Object {
        "instance": null,
        "key": undefined,
        "nodeType": "host",
        "props": Object {
          "children": "Your Recent SPMs",
          "className": "recent-spms",
        },
        "ref": null,
        "rendered": "Your Recent SPMs",
        "type": "h2",
      },
      Object {
        "instance": null,
        "key": undefined,
        "nodeType": "host",
        "props": Object {
          "children": <ul
            className="spm-list"
>
            <li
                        className="spm-list-item"
                        onClick={[Function]}
            >
                        148
            </li>
            <li
                        className="spm-list-item"
                        onClick={[Function]}
            >
                        160
            </li>
            <Link
                        className="link-to-calc"
                        replace={false}
                        to="/calculations"
            >
                        <li
                                    className="spm-list-item"
                        >
                                    Calculate a new SPM...
                        </li>
            </Link>
</ul>,
          "className": "ul-wrapper",
        },
        "ref": null,
        "rendered": Object {
          "instance": null,
          "key": undefined,
          "nodeType": "host",
          "props": Object {
            "children": Array [
              Array [
                <li
                  className="spm-list-item"
                  onClick={[Function]}
>
                  148
</li>,
                <li
                  className="spm-list-item"
                  onClick={[Function]}
>
                  160
</li>,
              ],
              <Link
                className="link-to-calc"
                replace={false}
                to="/calculations"
>
                <li
                                className="spm-list-item"
                >
                                Calculate a new SPM...
                </li>
</Link>,
            ],
            "className": "spm-list",
          },
          "ref": null,
          "rendered": Array [
            Object {
              "instance": null,
              "key": "0",
              "nodeType": "host",
              "props": Object {
                "children": 148,
                "className": "spm-list-item",
                "onClick": [Function],
              },
              "ref": null,
              "rendered": 148,
              "type": "li",
            },
            Object {
              "instance": null,
              "key": "1",
              "nodeType": "host",
              "props": Object {
                "children": 160,
                "className": "spm-list-item",
                "onClick": [Function],
              },
              "ref": null,
              "rendered": 160,
              "type": "li",
            },
            Object {
              "instance": null,
              "key": undefined,
              "nodeType": "class",
              "props": Object {
                "children": <li
                  className="spm-list-item"
>
                  Calculate a new SPM...
</li>,
                "className": "link-to-calc",
                "replace": false,
                "to": "/calculations",
              },
              "ref": null,
              "rendered": Object {
                "instance": null,
                "key": undefined,
                "nodeType": "host",
                "props": Object {
                  "children": "Calculate a new SPM...",
                  "className": "spm-list-item",
                },
                "ref": null,
                "rendered": "Calculate a new SPM...",
                "type": "li",
              },
              "type": [Function],
            },
          ],
          "type": "ul",
        },
        "type": "div",
      },
      Object {
        "instance": null,
        "key": undefined,
        "nodeType": "host",
        "props": Object {
          "children": "Enter an SPM or select from above",
          "className": "spm-instructions",
        },
        "ref": null,
        "rendered": "Enter an SPM or select from above",
        "type": "h3",
      },
      Object {
        "instance": null,
        "key": undefined,
        "nodeType": "host",
        "props": Object {
          "className": "select-spm-input",
          "name": "selection",
          "onChange": [Function],
          "placeholder": "Enter SPM",
          "type": "number",
          "value": "",
        },
        "ref": null,
        "rendered": null,
        "type": "input",
      },
      Object {
        "instance": null,
        "key": undefined,
        "nodeType": "host",
        "props": Object {
          "children": Array [
            <button
              className="next-and-back-buttons"
              onClick={[Function]}
>
              Cancel
</button>,
            <button
              className="next-and-back-buttons"
              disabled={true}
              onClick={[Function]}
>
              Select a Genre
</button>,
          ],
          "className": "button-wrapper",
        },
        "ref": null,
        "rendered": Array [
          Object {
            "instance": null,
            "key": undefined,
            "nodeType": "host",
            "props": Object {
              "children": "Cancel",
              "className": "next-and-back-buttons",
              "onClick": [Function],
            },
            "ref": null,
            "rendered": "Cancel",
            "type": "button",
          },
          Object {
            "instance": null,
            "key": undefined,
            "nodeType": "host",
            "props": Object {
              "children": "Select a Genre",
              "className": "next-and-back-buttons",
              "disabled": true,
              "onClick": [Function],
            },
            "ref": null,
            "rendered": "Select a Genre",
            "type": "button",
          },
        ],
        "type": "div",
      },
    ],
    "type": "div",
  },
  Symbol(enzyme.__nodes__): Array [
    Object {
      "instance": null,
      "key": undefined,
      "nodeType": "host",
      "props": Object {
        "children": Array [
          <h2
            className="recent-spms"
>
            Your Recent SPMs
</h2>,
          <div
            className="ul-wrapper"
>
            <ul
                        className="spm-list"
            >
                        <li
                                    className="spm-list-item"
                                    onClick={[Function]}
                        >
                                    148
                        </li>
                        <li
                                    className="spm-list-item"
                                    onClick={[Function]}
                        >
                                    160
                        </li>
                        <Link
                                    className="link-to-calc"
                                    replace={false}
                                    to="/calculations"
                        >
                                    <li
                                                className="spm-list-item"
                                    >
                                                Calculate a new SPM...
                                    </li>
                        </Link>
            </ul>
</div>,
          <h3
            className="spm-instructions"
>
            Enter an SPM or select from above
</h3>,
          <input
            className="select-spm-input"
            name="selection"
            onChange={[Function]}
            placeholder="Enter SPM"
            type="number"
            value=""
/>,
          <div
            className="button-wrapper"
>
            <button
                        className="next-and-back-buttons"
                        onClick={[Function]}
            >
                        Cancel
            </button>
            <button
                        className="next-and-back-buttons"
                        disabled={true}
                        onClick={[Function]}
            >
                        Select a Genre
            </button>
</div>,
        ],
        "className": "SelectSpm",
      },
      "ref": null,
      "rendered": Array [
        Object {
          "instance": null,
          "key": undefined,
          "nodeType": "host",
          "props": Object {
            "children": "Your Recent SPMs",
            "className": "recent-spms",
          },
          "ref": null,
          "rendered": "Your Recent SPMs",
          "type": "h2",
        },
        Object {
          "instance": null,
          "key": undefined,
          "nodeType": "host",
          "props": Object {
            "children": <ul
              className="spm-list"
>
              <li
                            className="spm-list-item"
                            onClick={[Function]}
              >
                            148
              </li>
              <li
                            className="spm-list-item"
                            onClick={[Function]}
              >
                            160
              </li>
              <Link
                            className="link-to-calc"
                            replace={false}
                            to="/calculations"
              >
                            <li
                                          className="spm-list-item"
                            >
                                          Calculate a new SPM...
                            </li>
              </Link>
</ul>,
            "className": "ul-wrapper",
          },
          "ref": null,
          "rendered": Object {
            "instance": null,
            "key": undefined,
            "nodeType": "host",
            "props": Object {
              "children": Array [
                Array [
                  <li
                    className="spm-list-item"
                    onClick={[Function]}
>
                    148
</li>,
                  <li
                    className="spm-list-item"
                    onClick={[Function]}
>
                    160
</li>,
                ],
                <Link
                  className="link-to-calc"
                  replace={false}
                  to="/calculations"
>
                  <li
                                    className="spm-list-item"
                  >
                                    Calculate a new SPM...
                  </li>
</Link>,
              ],
              "className": "spm-list",
            },
            "ref": null,
            "rendered": Array [
              Object {
                "instance": null,
                "key": "0",
                "nodeType": "host",
                "props": Object {
                  "children": 148,
                  "className": "spm-list-item",
                  "onClick": [Function],
                },
                "ref": null,
                "rendered": 148,
                "type": "li",
              },
              Object {
                "instance": null,
                "key": "1",
                "nodeType": "host",
                "props": Object {
                  "children": 160,
                  "className": "spm-list-item",
                  "onClick": [Function],
                },
                "ref": null,
                "rendered": 160,
                "type": "li",
              },
              Object {
                "instance": null,
                "key": undefined,
                "nodeType": "class",
                "props": Object {
                  "children": <li
                    className="spm-list-item"
>
                    Calculate a new SPM...
</li>,
                  "className": "link-to-calc",
                  "replace": false,
                  "to": "/calculations",
                },
                "ref": null,
                "rendered": Object {
                  "instance": null,
                  "key": undefined,
                  "nodeType": "host",
                  "props": Object {
                    "children": "Calculate a new SPM...",
                    "className": "spm-list-item",
                  },
                  "ref": null,
                  "rendered": "Calculate a new SPM...",
                  "type": "li",
                },
                "type": [Function],
              },
            ],
            "type": "ul",
          },
          "type": "div",
        },
        Object {
          "instance": null,
          "key": undefined,
          "nodeType": "host",
          "props": Object {
            "children": "Enter an SPM or select from above",
            "className": "spm-instructions",
          },
          "ref": null,
          "rendered": "Enter an SPM or select from above",
          "type": "h3",
        },
        Object {
          "instance": null,
          "key": undefined,
          "nodeType": "host",
          "props": Object {
            "className": "select-spm-input",
            "name": "selection",
            "onChange": [Function],
            "placeholder": "Enter SPM",
            "type": "number",
            "value": "",
          },
          "ref": null,
          "rendered": null,
          "type": "input",
        },
        Object {
          "instance": null,
          "key": undefined,
          "nodeType": "host",
          "props": Object {
            "children": Array [
              <button
                className="next-and-back-buttons"
                onClick={[Function]}
>
                Cancel
</button>,
              <button
                className="next-and-back-buttons"
                disabled={true}
                onClick={[Function]}
>
                Select a Genre
</button>,
            ],
            "className": "button-wrapper",
          },
          "ref": null,
          "rendered": Array [
            Object {
              "instance": null,
              "key": undefined,
              "nodeType": "host",
              "props": Object {
                "children": "Cancel",
                "className": "next-and-back-buttons",
                "onClick": [Function],
              },
              "ref": null,
              "rendered": "Cancel",
              "type": "button",
            },
            Object {
              "instance": null,
              "key": undefined,
              "nodeType": "host",
              "props": Object {
                "children": "Select a Genre",
                "className": "next-and-back-buttons",
                "disabled": true,
                "onClick": [Function],
              },
              "ref": null,
              "rendered": "Select a Genre",
              "type": "button",
            },
          ],
          "type": "div",
        },
      ],
      "type": "div",
    },
  ],
  Symbol(enzyme.__options__): Object {
    "adapter": ReactSixteenAdapter {
      "options": Object {
        "enableComponentDidUpdateOnSetState": true,
      },
    },
  },
}
`;
